
blink.elf:     file format elf32-avr


Disassembly of section .text:

00000000 <__ctors_end>:
   0:	af ef       	ldi	r26, 0xFF	; 255
   2:	aa 95       	dec	r26
   4:	f1 f7       	brne	.-4      	; 0x2 <__ctors_end+0x2>
   6:	08 95       	ret

00000008 <main>:
   8:	11 24       	eor	r1, r1
   a:	1f be       	out	0x3f, r1	; 63
   c:	cf e5       	ldi	r28, 0x5F	; 95
   e:	d2 e0       	ldi	r29, 0x02	; 2
  10:	de bf       	out	0x3e, r29	; 62
  12:	cd bf       	out	0x3d, r28	; 61
  14:	80 e8       	ldi	r24, 0x80	; 128
  16:	80 93 46 00 	sts	0x0046, r24	; 0x800046 <__EEPROM_REGION_LENGTH__+0x7f0046>
  1a:	10 92 46 00 	sts	0x0046, r1	; 0x800046 <__EEPROM_REGION_LENGTH__+0x7f0046>
  1e:	bd 9a       	sbi	0x17, 5	; 23
  20:	c5 98       	cbi	0x18, 5	; 24
  22:	02 d0       	rcall	.+4      	; 0x28 <toggle>
  24:	ed df       	rcall	.-38     	; 0x0 <__ctors_end>
  26:	fd cf       	rjmp	.-6      	; 0x22 <main+0x1a>

00000028 <toggle>:
  28:	88 b3       	in	r24, 0x18	; 24
  2a:	90 e2       	ldi	r25, 0x20	; 32
  2c:	89 27       	eor	r24, r25
  2e:	88 bb       	out	0x18, r24	; 24
  30:	08 95       	ret
